INFO 2026-05-15 14:41:17,547 autoreload Watching for file changes with StatReloader
INFO 2026-05-15 14:41:42,740 autoreload D:\laian\Desktop\Yaman\projects\yasca-dental\backend\api\models.py changed, reloading.
INFO 2026-05-15 14:41:43,505 autoreload Watching for file changes with StatReloader
INFO 2026-05-15 14:42:42,518 autoreload D:\laian\Desktop\Yaman\projects\yasca-dental\backend\api\views.py changed, reloading.
INFO 2026-05-15 14:42:43,480 autoreload Watching for file changes with StatReloader
INFO 2026-05-15 14:43:16,808 log "GET /api/auth/me/ HTTP/1.1" 200 115
INFO 2026-05-15 14:43:16,863 log "GET /api/dashboard/today/ HTTP/1.1" 200 2055
INFO 2026-05-15 14:44:14,361 log "GET /api/auth/me/ HTTP/1.1" 200 115
INFO 2026-05-15 14:44:14,395 log "GET /api/dashboard/today/ HTTP/1.1" 200 2055
INFO 2026-05-15 14:44:48,955 autoreload D:\laian\Desktop\Yaman\projects\yasca-dental\backend\api\serializers.py changed, reloading.
INFO 2026-05-15 14:44:49,703 autoreload Watching for file changes with StatReloader
INFO 2026-05-15 14:45:30,850 log "GET /api/auth/me/ HTTP/1.1" 200 115
INFO 2026-05-15 14:45:30,881 log "GET /api/dashboard/today/ HTTP/1.1" 200 2055
INFO 2026-05-15 14:46:26,955 autoreload D:\laian\Desktop\Yaman\projects\yasca-dental\backend\api\models.py changed, reloading.
INFO 2026-05-15 14:46:28,141 autoreload Watching for file changes with StatReloader
INFO 2026-05-15 14:46:36,148 autoreload D:\laian\Desktop\Yaman\projects\yasca-dental\backend\api\serializers.py changed, reloading.
INFO 2026-05-15 14:46:37,291 autoreload Watching for file changes with StatReloader
INFO 2026-05-15 14:51:00,117 log "GET /api/dashboard/today/ HTTP/1.1" 200 2184
INFO 2026-05-15 14:51:51,208 log "GET /api/auth/me/ HTTP/1.1" 200 115
INFO 2026-05-15 14:51:51,236 log "GET /api/dashboard/today/ HTTP/1.1" 200 2184
INFO 2026-05-15 14:51:52,309 log "OPTIONS /api/treatment-types/ HTTP/1.1" 200 0
INFO 2026-05-15 14:51:52,317 log "GET /api/treatment-types/ HTTP/1.1" 200 593
INFO 2026-05-15 14:52:02,255 log "OPTIONS /api/treatment-types/7/ HTTP/1.1" 200 0
INFO 2026-05-15 14:52:02,277 log "DELETE /api/treatment-types/7/ HTTP/1.1" 204 0
INFO 2026-05-15 14:52:02,289 log "GET /api/treatment-types/ HTTP/1.1" 200 510
INFO 2026-05-15 14:52:15,090 log "GET /api/dashboard/today/ HTTP/1.1" 200 2184
INFO 2026-05-15 14:52:22,006 log "GET /api/patients/ HTTP/1.1" 200 2275
INFO 2026-05-15 14:52:24,001 log "OPTIONS /api/patients/2/ HTTP/1.1" 200 0
INFO 2026-05-15 14:52:24,002 log "OPTIONS /api/treatments/?patient=2 HTTP/1.1" 200 0
INFO 2026-05-15 14:52:24,004 log "OPTIONS /api/appointments/?patient=2 HTTP/1.1" 200 0
INFO 2026-05-15 14:52:24,006 log "OPTIONS /api/payments/?patient=2 HTTP/1.1" 200 0
INFO 2026-05-15 14:52:24,008 log "OPTIONS /api/documents/?patient=2 HTTP/1.1" 200 0
INFO 2026-05-15 14:52:24,016 log "GET /api/patients/2/ HTTP/1.1" 200 516
INFO 2026-05-15 14:52:24,022 log "GET /api/treatments/?patient=2 HTTP/1.1" 200 634
INFO 2026-05-15 14:52:24,030 log "GET /api/appointments/?patient=2 HTTP/1.1" 200 1254
INFO 2026-05-15 14:52:24,036 log "GET /api/payments/?patient=2 HTTP/1.1" 200 400
INFO 2026-05-15 14:52:24,042 log "GET /api/documents/?patient=2 HTTP/1.1" 200 52
INFO 2026-05-15 14:52:27,149 log "GET /api/auth/me/ HTTP/1.1" 200 115
INFO 2026-05-15 14:52:27,181 log "GET /api/documents/?patient=2 HTTP/1.1" 200 52
INFO 2026-05-15 14:52:27,185 log "GET /api/payments/?patient=2 HTTP/1.1" 200 400
INFO 2026-05-15 14:52:27,187 log "GET /api/treatments/?patient=2 HTTP/1.1" 200 634
INFO 2026-05-15 14:52:27,189 log "GET /api/appointments/?patient=2 HTTP/1.1" 200 1254
INFO 2026-05-15 14:52:27,194 log "GET /api/patients/2/ HTTP/1.1" 200 516
INFO 2026-05-15 14:52:27,675 log "GET /api/auth/me/ HTTP/1.1" 200 115
INFO 2026-05-15 14:52:27,708 log "GET /api/patients/2/ HTTP/1.1" 200 516
INFO 2026-05-15 14:52:27,710 log "GET /api/payments/?patient=2 HTTP/1.1" 200 400
INFO 2026-05-15 14:52:27,715 log "GET /api/documents/?patient=2 HTTP/1.1" 200 52
INFO 2026-05-15 14:52:27,718 log "GET /api/treatments/?patient=2 HTTP/1.1" 200 634
INFO 2026-05-15 14:52:27,718 log "GET /api/appointments/?patient=2 HTTP/1.1" 200 1254
INFO 2026-05-15 14:52:28,155 log "GET /api/auth/me/ HTTP/1.1" 200 115
INFO 2026-05-15 14:52:28,193 log "GET /api/patients/2/ HTTP/1.1" 200 516
INFO 2026-05-15 14:52:28,199 log "GET /api/appointments/?patient=2 HTTP/1.1" 200 1254
INFO 2026-05-15 14:52:28,205 log "GET /api/payments/?patient=2 HTTP/1.1" 200 400
INFO 2026-05-15 14:52:28,206 log "GET /api/documents/?patient=2 HTTP/1.1" 200 52
INFO 2026-05-15 14:52:28,209 log "GET /api/treatments/?patient=2 HTTP/1.1" 200 634
INFO 2026-05-15 14:52:28,653 log "GET /api/auth/me/ HTTP/1.1" 200 115
INFO 2026-05-15 14:52:28,681 log "GET /api/documents/?patient=2 HTTP/1.1" 200 52
INFO 2026-05-15 14:52:28,682 log "GET /api/payments/?patient=2 HTTP/1.1" 200 400
INFO 2026-05-15 14:52:28,687 log "GET /api/patients/2/ HTTP/1.1" 200 516
INFO 2026-05-15 14:52:28,688 log "GET /api/treatments/?patient=2 HTTP/1.1" 200 634
INFO 2026-05-15 14:52:28,698 log "GET /api/appointments/?patient=2 HTTP/1.1" 200 1254
INFO 2026-05-15 14:52:29,146 log "GET /api/auth/me/ HTTP/1.1" 200 115
INFO 2026-05-15 14:52:29,169 log "GET /api/documents/?patient=2 HTTP/1.1" 200 52
INFO 2026-05-15 14:52:29,172 log "GET /api/payments/?patient=2 HTTP/1.1" 200 400
INFO 2026-05-15 14:52:29,185 log "GET /api/patients/2/ HTTP/1.1" 200 516
INFO 2026-05-15 14:52:29,186 log "GET /api/appointments/?patient=2 HTTP/1.1" 200 1254
INFO 2026-05-15 14:52:29,197 log "GET /api/treatments/?patient=2 HTTP/1.1" 200 634
INFO 2026-05-15 14:52:29,716 log "GET /api/auth/me/ HTTP/1.1" 200 115
INFO 2026-05-15 14:52:29,746 log "GET /api/documents/?patient=2 HTTP/1.1" 200 52
INFO 2026-05-15 14:52:29,751 log "GET /api/patients/2/ HTTP/1.1" 200 516
INFO 2026-05-15 14:52:29,752 log "GET /api/payments/?patient=2 HTTP/1.1" 200 400
INFO 2026-05-15 14:52:29,759 log "GET /api/treatments/?patient=2 HTTP/1.1" 200 634
INFO 2026-05-15 14:52:29,760 log "GET /api/appointments/?patient=2 HTTP/1.1" 200 1254
INFO 2026-05-15 14:52:29,974 log "GET /api/auth/me/ HTTP/1.1" 200 115
INFO 2026-05-15 14:52:30,007 log "GET /api/documents/?patient=2 HTTP/1.1" 200 52
INFO 2026-05-15 14:52:30,012 log "GET /api/patients/2/ HTTP/1.1" 200 516
INFO 2026-05-15 14:52:30,013 log "GET /api/payments/?patient=2 HTTP/1.1" 200 400
INFO 2026-05-15 14:52:30,013 log "GET /api/treatments/?patient=2 HTTP/1.1" 200 634
INFO 2026-05-15 14:52:30,019 log "GET /api/appointments/?patient=2 HTTP/1.1" 200 1254
INFO 2026-05-15 14:52:30,150 log "GET /api/auth/me/ HTTP/1.1" 200 115
INFO 2026-05-15 14:52:30,184 log "GET /api/documents/?patient=2 HTTP/1.1" 200 52
INFO 2026-05-15 14:52:30,190 log "GET /api/payments/?patient=2 HTTP/1.1" 200 400
INFO 2026-05-15 14:52:30,191 log "GET /api/treatments/?patient=2 HTTP/1.1" 200 634
INFO 2026-05-15 14:52:30,191 log "GET /api/patients/2/ HTTP/1.1" 200 516
INFO 2026-05-15 14:52:30,194 log "GET /api/appointments/?patient=2 HTTP/1.1" 200 1254
INFO 2026-05-15 14:52:30,325 log "GET /api/auth/me/ HTTP/1.1" 200 115
INFO 2026-05-15 14:52:30,354 log "GET /api/documents/?patient=2 HTTP/1.1" 200 52
INFO 2026-05-15 14:52:30,364 log "GET /api/payments/?patient=2 HTTP/1.1" 200 400
INFO 2026-05-15 14:52:30,364 log "GET /api/appointments/?patient=2 HTTP/1.1" 200 1254
INFO 2026-05-15 14:52:30,365 log "GET /api/patients/2/ HTTP/1.1" 200 516
INFO 2026-05-15 14:52:30,368 log "GET /api/treatments/?patient=2 HTTP/1.1" 200 634
INFO 2026-05-15 14:52:30,508 log "GET /api/auth/me/ HTTP/1.1" 200 115
INFO 2026-05-15 14:52:30,535 log "GET /api/documents/?patient=2 HTTP/1.1" 200 52
INFO 2026-05-15 14:52:30,535 log "GET /api/patients/2/ HTTP/1.1" 200 516
INFO 2026-05-15 14:52:30,548 log "GET /api/appointments/?patient=2 HTTP/1.1" 200 1254
INFO 2026-05-15 14:52:30,562 log "GET /api/payments/?patient=2 HTTP/1.1" 200 400
INFO 2026-05-15 14:52:30,564 log "GET /api/treatments/?patient=2 HTTP/1.1" 200 634
INFO 2026-05-15 14:52:30,689 log "GET /api/auth/me/ HTTP/1.1" 200 115
INFO 2026-05-15 14:52:30,721 log "GET /api/patients/2/ HTTP/1.1" 200 516
INFO 2026-05-15 14:52:30,721 log "GET /api/treatments/?patient=2 HTTP/1.1" 200 634
INFO 2026-05-15 14:52:30,725 log "GET /api/payments/?patient=2 HTTP/1.1" 200 400
INFO 2026-05-15 14:52:30,726 log "GET /api/appointments/?patient=2 HTTP/1.1" 200 1254
INFO 2026-05-15 14:52:30,731 log "GET /api/documents/?patient=2 HTTP/1.1" 200 52
INFO 2026-05-15 14:52:30,861 log "GET /api/auth/me/ HTTP/1.1" 200 115
INFO 2026-05-15 14:52:30,890 log "GET /api/patients/2/ HTTP/1.1" 200 516
INFO 2026-05-15 14:52:30,890 log "GET /api/documents/?patient=2 HTTP/1.1" 200 52
INFO 2026-05-15 14:52:30,895 log "GET /api/treatments/?patient=2 HTTP/1.1" 200 634
INFO 2026-05-15 14:52:30,897 log "GET /api/appointments/?patient=2 HTTP/1.1" 200 1254
INFO 2026-05-15 14:52:30,904 log "GET /api/payments/?patient=2 HTTP/1.1" 200 400
INFO 2026-05-15 14:52:31,057 log "GET /api/auth/me/ HTTP/1.1" 200 115
INFO 2026-05-15 14:52:31,087 log "GET /api/documents/?patient=2 HTTP/1.1" 200 52
INFO 2026-05-15 14:52:31,088 log "GET /api/patients/2/ HTTP/1.1" 200 516
INFO 2026-05-15 14:52:31,095 log "GET /api/payments/?patient=2 HTTP/1.1" 200 400
INFO 2026-05-15 14:52:31,097 log "GET /api/treatments/?patient=2 HTTP/1.1" 200 634
INFO 2026-05-15 14:52:31,099 log "GET /api/appointments/?patient=2 HTTP/1.1" 200 1254
INFO 2026-05-15 14:53:15,672 autoreload Watching for file changes with StatReloader
INFO 2026-05-15 14:53:20,326 log "GET /api/auth/me/ HTTP/1.1" 200 115
INFO 2026-05-15 14:53:20,370 log "GET /api/dashboard/today/ HTTP/1.1" 200 2184
INFO 2026-05-15 14:53:21,974 log "GET /api/settings/clinic/ HTTP/1.1" 200 90
INFO 2026-05-15 14:53:21,996 log "GET /api/appointments/?date=2026-05-15 HTTP/1.1" 200 2155
INFO 2026-05-15 14:53:23,573 log "GET /api/patients/ HTTP/1.1" 200 2275
INFO 2026-05-15 14:53:24,557 log "GET /api/patients/2/ HTTP/1.1" 200 516
INFO 2026-05-15 14:53:24,558 log "GET /api/treatments/?patient=2 HTTP/1.1" 200 634
INFO 2026-05-15 14:53:24,572 log "GET /api/appointments/?patient=2 HTTP/1.1" 200 1254
INFO 2026-05-15 14:53:24,576 log "GET /api/payments/?patient=2 HTTP/1.1" 200 400
INFO 2026-05-15 14:53:24,579 log "GET /api/documents/?patient=2 HTTP/1.1" 200 52
INFO 2026-05-15 14:53:30,498 log "GET /api/auth/me/ HTTP/1.1" 200 115
INFO 2026-05-15 14:53:30,531 log "GET /api/appointments/?date=2026-05-15 HTTP/1.1" 200 2155
INFO 2026-05-15 14:53:30,543 log "GET /api/settings/clinic/ HTTP/1.1" 200 90
INFO 2026-05-15 14:53:32,220 log "GET /api/patients/ HTTP/1.1" 200 2275
INFO 2026-05-15 14:53:33,261 log "OPTIONS /api/patients/12/ HTTP/1.1" 200 0
INFO 2026-05-15 14:53:33,261 log "OPTIONS /api/appointments/?patient=12 HTTP/1.1" 200 0
INFO 2026-05-15 14:53:33,262 log "OPTIONS /api/payments/?patient=12 HTTP/1.1" 200 0
INFO 2026-05-15 14:53:33,262 log "OPTIONS /api/documents/?patient=12 HTTP/1.1" 200 0
INFO 2026-05-15 14:53:33,262 log "OPTIONS /api/treatments/?patient=12 HTTP/1.1" 200 0
INFO 2026-05-15 14:53:33,284 log "GET /api/treatments/?patient=12 HTTP/1.1" 200 52
INFO 2026-05-15 14:53:33,285 log "GET /api/appointments/?patient=12 HTTP/1.1" 200 52
INFO 2026-05-15 14:53:33,287 log "GET /api/documents/?patient=12 HTTP/1.1" 200 52
INFO 2026-05-15 14:53:33,294 log "GET /api/patients/12/ HTTP/1.1" 200 507
INFO 2026-05-15 14:53:33,295 log "GET /api/payments/?patient=12 HTTP/1.1" 200 52
INFO 2026-05-15 14:53:34,427 log "GET /api/auth/me/ HTTP/1.1" 200 115
INFO 2026-05-15 14:53:34,465 log "GET /api/treatments/?patient=12 HTTP/1.1" 200 52
INFO 2026-05-15 14:53:34,465 log "GET /api/payments/?patient=12 HTTP/1.1" 200 52
INFO 2026-05-15 14:53:34,465 log "GET /api/documents/?patient=12 HTTP/1.1" 200 52
INFO 2026-05-15 14:53:34,474 log "GET /api/patients/12/ HTTP/1.1" 200 507
INFO 2026-05-15 14:53:34,474 log "GET /api/appointments/?patient=12 HTTP/1.1" 200 52
INFO 2026-05-15 14:53:34,605 log "GET /api/auth/me/ HTTP/1.1" 200 115
INFO 2026-05-15 14:53:34,639 log "GET /api/treatments/?patient=12 HTTP/1.1" 200 52
INFO 2026-05-15 14:53:34,640 log "GET /api/patients/12/ HTTP/1.1" 200 507
INFO 2026-05-15 14:53:34,640 log "GET /api/documents/?patient=12 HTTP/1.1" 200 52
INFO 2026-05-15 14:53:34,645 log "GET /api/payments/?patient=12 HTTP/1.1" 200 52
INFO 2026-05-15 14:53:34,648 log "GET /api/appointments/?patient=12 HTTP/1.1" 200 52
INFO 2026-05-15 14:53:37,011 log "GET /api/auth/me/ HTTP/1.1" 200 115
INFO 2026-05-15 14:53:37,043 log "GET /api/treatments/?patient=12 HTTP/1.1" 200 52
INFO 2026-05-15 14:53:37,044 log "GET /api/patients/12/ HTTP/1.1" 200 507
INFO 2026-05-15 14:53:37,054 log "GET /api/documents/?patient=12 HTTP/1.1" 200 52
INFO 2026-05-15 14:53:37,054 log "GET /api/appointments/?patient=12 HTTP/1.1" 200 52
INFO 2026-05-15 14:53:37,054 log "GET /api/payments/?patient=12 HTTP/1.1" 200 52
INFO 2026-05-15 14:53:37,200 log "GET /api/auth/me/ HTTP/1.1" 200 115
INFO 2026-05-15 14:53:37,231 log "GET /api/documents/?patient=12 HTTP/1.1" 200 52
INFO 2026-05-15 14:53:37,231 log "GET /api/treatments/?patient=12 HTTP/1.1" 200 52
INFO 2026-05-15 14:53:37,233 log "GET /api/appointments/?patient=12 HTTP/1.1" 200 52
INFO 2026-05-15 14:53:37,233 log "GET /api/patients/12/ HTTP/1.1" 200 507
INFO 2026-05-15 14:53:37,234 log "GET /api/payments/?patient=12 HTTP/1.1" 200 52
INFO 2026-05-15 14:53:37,442 log "GET /api/auth/me/ HTTP/1.1" 200 115
INFO 2026-05-15 14:53:37,477 log "GET /api/appointments/?patient=12 HTTP/1.1" 200 52
INFO 2026-05-15 14:53:37,477 log "GET /api/treatments/?patient=12 HTTP/1.1" 200 52
INFO 2026-05-15 14:53:37,478 log "GET /api/payments/?patient=12 HTTP/1.1" 200 52
INFO 2026-05-15 14:53:37,479 log "GET /api/documents/?patient=12 HTTP/1.1" 200 52
INFO 2026-05-15 14:53:37,481 log "GET /api/patients/12/ HTTP/1.1" 200 507
INFO 2026-05-15 14:53:37,634 log "GET /api/auth/me/ HTTP/1.1" 200 115
INFO 2026-05-15 14:53:37,659 log "GET /api/documents/?patient=12 HTTP/1.1" 200 52
INFO 2026-05-15 14:53:37,661 log "GET /api/payments/?patient=12 HTTP/1.1" 200 52
INFO 2026-05-15 14:53:37,666 log "GET /api/appointments/?patient=12 HTTP/1.1" 200 52
INFO 2026-05-15 14:53:37,668 log "GET /api/patients/12/ HTTP/1.1" 200 507
INFO 2026-05-15 14:53:37,671 log "GET /api/treatments/?patient=12 HTTP/1.1" 200 52
INFO 2026-05-15 14:53:37,819 log "GET /api/auth/me/ HTTP/1.1" 200 115
INFO 2026-05-15 14:53:37,846 log "GET /api/payments/?patient=12 HTTP/1.1" 200 52
INFO 2026-05-15 14:53:37,851 log "GET /api/documents/?patient=12 HTTP/1.1" 200 52
INFO 2026-05-15 14:53:37,855 log "GET /api/patients/12/ HTTP/1.1" 200 507
INFO 2026-05-15 14:53:37,857 log "GET /api/appointments/?patient=12 HTTP/1.1" 200 52
INFO 2026-05-15 14:53:37,861 log "GET /api/treatments/?patient=12 HTTP/1.1" 200 52
INFO 2026-05-15 14:53:38,003 log "GET /api/auth/me/ HTTP/1.1" 200 115
INFO 2026-05-15 14:53:38,033 log "GET /api/payments/?patient=12 HTTP/1.1" 200 52
INFO 2026-05-15 14:53:38,033 log "GET /api/documents/?patient=12 HTTP/1.1" 200 52
INFO 2026-05-15 14:53:38,034 log "GET /api/treatments/?patient=12 HTTP/1.1" 200 52
INFO 2026-05-15 14:53:38,043 log "GET /api/appointments/?patient=12 HTTP/1.1" 200 52
INFO 2026-05-15 14:53:38,058 log "GET /api/patients/12/ HTTP/1.1" 200 507
INFO 2026-05-15 14:53:38,188 log "GET /api/auth/me/ HTTP/1.1" 200 115
INFO 2026-05-15 14:53:38,218 log "GET /api/appointments/?patient=12 HTTP/1.1" 200 52
INFO 2026-05-15 14:53:38,221 log "GET /api/treatments/?patient=12 HTTP/1.1" 200 52
INFO 2026-05-15 14:53:38,221 log "GET /api/patients/12/ HTTP/1.1" 200 507
INFO 2026-05-15 14:53:38,221 log "GET /api/payments/?patient=12 HTTP/1.1" 200 52
INFO 2026-05-15 14:53:38,230 log "GET /api/documents/?patient=12 HTTP/1.1" 200 52
INFO 2026-05-15 14:53:38,372 log "GET /api/auth/me/ HTTP/1.1" 200 115
INFO 2026-05-15 14:53:38,405 log "GET /api/payments/?patient=12 HTTP/1.1" 200 52
INFO 2026-05-15 14:53:38,405 log "GET /api/treatments/?patient=12 HTTP/1.1" 200 52
INFO 2026-05-15 14:53:38,405 log "GET /api/appointments/?patient=12 HTTP/1.1" 200 52
INFO 2026-05-15 14:53:38,415 log "GET /api/patients/12/ HTTP/1.1" 200 507
INFO 2026-05-15 14:53:38,432 log "GET /api/documents/?patient=12 HTTP/1.1" 200 52
INFO 2026-05-15 14:53:38,549 log "GET /api/auth/me/ HTTP/1.1" 200 115
INFO 2026-05-15 14:53:38,578 log "GET /api/documents/?patient=12 HTTP/1.1" 200 52
INFO 2026-05-15 14:53:38,580 log "GET /api/treatments/?patient=12 HTTP/1.1" 200 52
INFO 2026-05-15 14:53:38,580 log "GET /api/patients/12/ HTTP/1.1" 200 507
INFO 2026-05-15 14:53:38,591 log "GET /api/payments/?patient=12 HTTP/1.1" 200 52
INFO 2026-05-15 14:53:38,591 log "GET /api/appointments/?patient=12 HTTP/1.1" 200 52
INFO 2026-05-15 14:53:38,739 log "GET /api/auth/me/ HTTP/1.1" 200 115
INFO 2026-05-15 14:53:38,767 log "GET /api/appointments/?patient=12 HTTP/1.1" 200 52
INFO 2026-05-15 14:53:38,768 log "GET /api/documents/?patient=12 HTTP/1.1" 200 52
INFO 2026-05-15 14:53:38,769 log "GET /api/payments/?patient=12 HTTP/1.1" 200 52
INFO 2026-05-15 14:53:38,779 log "GET /api/treatments/?patient=12 HTTP/1.1" 200 52
INFO 2026-05-15 14:53:38,780 log "GET /api/patients/12/ HTTP/1.1" 200 507
INFO 2026-05-15 14:53:38,927 log "GET /api/auth/me/ HTTP/1.1" 200 115
INFO 2026-05-15 14:53:38,970 log "GET /api/payments/?patient=12 HTTP/1.1" 200 52
INFO 2026-05-15 14:53:38,971 log "GET /api/treatments/?patient=12 HTTP/1.1" 200 52
INFO 2026-05-15 14:53:38,971 log "GET /api/appointments/?patient=12 HTTP/1.1" 200 52
INFO 2026-05-15 14:53:38,973 log "GET /api/patients/12/ HTTP/1.1" 200 507
INFO 2026-05-15 14:53:38,980 log "GET /api/documents/?patient=12 HTTP/1.1" 200 52
INFO 2026-05-15 14:53:39,121 log "GET /api/auth/me/ HTTP/1.1" 200 115
INFO 2026-05-15 14:53:39,156 log "GET /api/payments/?patient=12 HTTP/1.1" 200 52
INFO 2026-05-15 14:53:39,161 log "GET /api/treatments/?patient=12 HTTP/1.1" 200 52
INFO 2026-05-15 14:53:39,163 log "GET /api/appointments/?patient=12 HTTP/1.1" 200 52
INFO 2026-05-15 14:53:39,163 log "GET /api/patients/12/ HTTP/1.1" 200 507
INFO 2026-05-15 14:53:39,168 log "GET /api/documents/?patient=12 HTTP/1.1" 200 52
INFO 2026-05-15 14:53:39,301 log "GET /api/auth/me/ HTTP/1.1" 200 115
INFO 2026-05-15 14:53:39,329 log "GET /api/documents/?patient=12 HTTP/1.1" 200 52
INFO 2026-05-15 14:53:39,329 log "GET /api/payments/?patient=12 HTTP/1.1" 200 52
INFO 2026-05-15 14:53:39,330 log "GET /api/treatments/?patient=12 HTTP/1.1" 200 52
INFO 2026-05-15 14:53:39,331 log "GET /api/patients/12/ HTTP/1.1" 200 507
INFO 2026-05-15 14:53:39,334 log "GET /api/appointments/?patient=12 HTTP/1.1" 200 52
INFO 2026-05-15 14:58:57,590 autoreload Watching for file changes with StatReloader
INFO 2026-05-15 15:04:26,167 log "GET /api/auth/me/ HTTP/1.1" 200 115
INFO 2026-05-15 15:04:26,215 log "GET /api/dashboard/today/ HTTP/1.1" 200 2207
INFO 2026-05-15 15:04:27,748 log "GET /api/patients/ HTTP/1.1" 200 2319
INFO 2026-05-15 15:04:28,296 log "OPTIONS /api/patients/1/ HTTP/1.1" 200 0
INFO 2026-05-15 15:04:28,297 log "OPTIONS /api/treatments/?patient=1 HTTP/1.1" 200 0
INFO 2026-05-15 15:04:28,299 log "OPTIONS /api/appointments/?patient=1 HTTP/1.1" 200 0
INFO 2026-05-15 15:04:28,299 log "OPTIONS /api/payments/?patient=1 HTTP/1.1" 200 0
INFO 2026-05-15 15:04:28,301 log "OPTIONS /api/documents/?patient=1 HTTP/1.1" 200 0
INFO 2026-05-15 15:04:28,312 log "GET /api/patients/1/ HTTP/1.1" 200 486
INFO 2026-05-15 15:04:28,316 log "GET /api/treatments/?patient=1 HTTP/1.1" 200 905
INFO 2026-05-15 15:04:28,325 log "GET /api/appointments/?patient=1 HTTP/1.1" 200 1257
INFO 2026-05-15 15:04:28,332 log "GET /api/payments/?patient=1 HTTP/1.1" 200 565
INFO 2026-05-15 15:04:28,334 log "GET /api/documents/?patient=1 HTTP/1.1" 200 52
INFO 2026-05-15 15:04:32,482 log "GET /api/auth/me/ HTTP/1.1" 200 115
INFO 2026-05-15 15:04:32,824 log "GET /api/patients/ HTTP/1.1" 200 2319
INFO 2026-05-15 15:04:47,669 log "GET /api/patients/1/ HTTP/1.1" 200 486
INFO 2026-05-15 15:04:47,673 log "GET /api/documents/?patient=1 HTTP/1.1" 200 52
INFO 2026-05-15 15:04:47,681 log "GET /api/treatments/?patient=1 HTTP/1.1" 200 905
INFO 2026-05-15 15:04:47,682 log "GET /api/payments/?patient=1 HTTP/1.1" 200 565
INFO 2026-05-15 15:04:47,682 log "GET /api/appointments/?patient=1 HTTP/1.1" 200 1257
INFO 2026-05-15 15:05:37,043 log "GET /api/auth/me/ HTTP/1.1" 200 115
INFO 2026-05-15 15:05:37,079 log "GET /api/patients/1/ HTTP/1.1" 200 486
INFO 2026-05-15 15:05:37,101 log "GET /api/treatments/?patient=1 HTTP/1.1" 200 905
INFO 2026-05-15 15:05:37,122 log "GET /api/appointments/?patient=1 HTTP/1.1" 200 1257
INFO 2026-05-15 15:05:37,138 log "GET /api/payments/?patient=1 HTTP/1.1" 200 565
INFO 2026-05-15 15:05:37,152 log "GET /api/documents/?patient=1 HTTP/1.1" 200 52
INFO 2026-05-15 15:05:46,910 log "GET /api/patients/ HTTP/1.1" 200 2319
INFO 2026-05-15 15:05:47,724 log "GET /api/documents/?patient=1 HTTP/1.1" 200 52
INFO 2026-05-15 15:05:47,731 log "GET /api/patients/1/ HTTP/1.1" 200 486
INFO 2026-05-15 15:05:47,733 log "GET /api/payments/?patient=1 HTTP/1.1" 200 565
INFO 2026-05-15 15:05:47,737 log "GET /api/treatments/?patient=1 HTTP/1.1" 200 905
INFO 2026-05-15 15:05:47,740 log "GET /api/appointments/?patient=1 HTTP/1.1" 200 1257
